// Jest Snapshot v1, https://goo.gl/fbAQLP

exports[`add adds two numbers 1`] = `3`;
